Socket disconnected { nsp: 
   { name: '/',
     server: 
      { nsps: [Object],
        _path: '/socket.io',
        _serveClient: true,
        _adapter: [Function: Adapter],
        _origins: '*:*',
        sockets: [Circular],
        eio: [Object],
        httpServer: [Object],
        engine: [Object] },
     sockets: [ [Object] ],
     connected: { _vyNpfMgr2nbfg7pAAAB: [Object] },
     fns: [],
     ids: 0,
     acks: {},
     adapter: { nsp: [Circular], rooms: [Object], sids: [Object], encoder: {} },
     _maxListeners: 0,
     _events: { connection: [Function] } },
  server: 
   { nsps: { '/': [Object] },
     _path: '/socket.io',
     _serveClient: true,
     _adapter: [Function: Adapter],
     _origins: '*:*',
     sockets: 
      { name: '/',
        server: [Circular],
        sockets: [Object],
        connected: [Object],
        fns: [],
        ids: 0,
        acks: {},
        adapter: [Object],
        _maxListeners: 0,
        _events: [Object] },
     eio: 
      { clients: [Object],
        clientsCount: 1,
        pingTimeout: 60000,
        pingInterval: 25000,
        upgradeTimeout: 10000,
        maxHttpBufferSize: 100000000,
        transports: [Object],
        allowUpgrades: true,
        allowRequest: [Function],
        cookie: 'io',
        ws: [Object],
        _events: [Object] },
     httpServer: 
      { domain: null,
        _events: [Object],
        _maxListeners: 10,
        _connections: 8,
        connections: [Getter/Setter],
        _handle: [Object],
        _usingSlaves: false,
        _slaves: [],
        allowHalfOpen: true,
        httpAllowHalfOpen: false,
        timeout: 120000,
        _connectionKey: '4:0.0.0.0:3000' },
     engine: 
      { clients: [Object],
        clientsCount: 1,
        pingTimeout: 60000,
        pingInterval: 25000,
        upgradeTimeout: 10000,
        maxHttpBufferSize: 100000000,
        transports: [Object],
        allowUpgrades: true,
        allowRequest: [Function],
        cookie: 'io',
        ws: [Object],
        _events: [Object] } },
  adapter: 
   { nsp: 
      { name: '/',
        server: [Object],
        sockets: [Object],
        connected: [Object],
        fns: [],
        ids: 0,
        acks: {},
        adapter: [Circular],
        _maxListeners: 0,
        _events: [Object] },
     rooms: { 'Nulk60mpG-aUP5uOAAAA': [], _vyNpfMgr2nbfg7pAAAB: [Object] },
     sids: { _vyNpfMgr2nbfg7pAAAB: [Object] },
     encoder: {} },
  id: 'Nulk60mpG-aUP5uOAAAA',
  client: 
   { server: 
      { nsps: [Object],
        _path: '/socket.io',
        _serveClient: true,
        _adapter: [Function: Adapter],
        _origins: '*:*',
        sockets: [Object],
        eio: [Object],
        httpServer: [Object],
        engine: [Object] },
     conn: 
      { id: 'Nulk60mpG-aUP5uOAAAA',
        server: [Object],
        upgraded: true,
        readyState: 'closed',
        writeBuffer: [],
        packetsFn: [],
        sentCallbackFn: [],
        request: [Object],
        remoteAddress: '127.0.0.1',
        checkIntervalTimer: null,
        upgradeTimeoutTimer: [Object],
        pingTimeoutTimer: [Object],
        transport: [Object],
        _events: [Object] },
     encoder: {},
     decoder: { reconstructor: null, _callbacks: [Object] },
     id: 'Nulk60mpG-aUP5uOAAAA',
     request: 
      { _readableState: [Object],
        readable: false,
        domain: null,
        _events: [Object],
        _maxListeners: 10,
        socket: [Object],
        connection: [Object],
        httpVersion: '1.1',
        complete: false,
        headers: [Object],
        trailers: {},
        _pendings: [],
        _pendingIndex: 0,
        url: '/socket.io/?EIO=3&transport=polling&t=1410352867073-5',
        method: 'GET',
        statusCode: null,
        client: [Object],
        _consuming: true,
        _dumped: true,
        httpVersionMajor: 1,
        httpVersionMinor: 1,
        upgrade: false,
        _query: [Object],
        res: [Object],
        cleanup: [Function: cleanup],
        read: [Function] },
     onclose: [Function],
     ondata: [Function],
     ondecoded: [Function],
     sockets: [],
     nsps: { '/': [Circular] },
     connectBuffer: [] },
  conn: 
   { id: 'Nulk60mpG-aUP5uOAAAA',
     server: 
      { clients: [Object],
        clientsCount: 1,
        pingTimeout: 60000,
        pingInterval: 25000,
        upgradeTimeout: 10000,
        maxHttpBufferSize: 100000000,
        transports: [Object],
        allowUpgrades: true,
        allowRequest: [Function],
        cookie: 'io',
        ws: [Object],
        _events: [Object] },
     upgraded: true,
     readyState: 'closed',
     writeBuffer: [],
     packetsFn: [],
     sentCallbackFn: [],
     request: 
      { _readableState: [Object],
        readable: false,
        domain: null,
        _events: [Object],
        _maxListeners: 10,
        socket: [Object],
        connection: [Object],
        httpVersion: '1.1',
        complete: false,
        headers: [Object],
        trailers: {},
        _pendings: [],
        _pendingIndex: 0,
        url: '/socket.io/?EIO=3&transport=polling&t=1410352867073-5',
        method: 'GET',
        statusCode: null,
        client: [Object],
        _consuming: true,
        _dumped: true,
        httpVersionMajor: 1,
        httpVersionMinor: 1,
        upgrade: false,
        _query: [Object],
        res: [Object],
        cleanup: [Function: cleanup],
        read: [Function] },
     remoteAddress: '127.0.0.1',
     checkIntervalTimer: null,
     upgradeTimeoutTimer: 
      { _idleTimeout: -1,
        _idlePrev: null,
        _idleNext: null,
        _idleStart: 1410352867090,
        _onTimeout: null,
        ontimeout: null },
     pingTimeoutTimer: 
      { _idleTimeout: -1,
        _idlePrev: null,
        _idleNext: null,
        _idleStart: 1410352867512,
        _onTimeout: null,
        ontimeout: null },
     transport: 
      { readyState: 'closed',
        socket: [Object],
        writable: true,
        supportsBinary: true,
        _events: [Object] },
     _events: { close: undefined, data: undefined } },
  rooms: [],
  acks: {},
  connected: false,
  disconnected: true,
  handshake: 
   { headers: 
      { host: '127.0.0.1:3000',
        connection: 'keep-alive',
        'user-agent': 'Mozilla/5.0 (X11; Linux x86_64) AppleWebKit/537.36 (KHTML, like Gecko) Ubuntu Chromium/37.0.2062.94 Chrome/37.0.2062.94 Safari/537.36',
        accept: '*/*',
        referer: 'http://127.0.0.1:3000/d/k1CGfCHAxNa',
        'accept-encoding': 'gzip,deflate,sdch',
        'accept-language': 'en-GB,en;q=0.8,es;q=0.6,en-US;q=0.4',
        cookie: 'io=wS-Fz0hVNKyJ8Q9iAAAD; __utma=96992031.642507245.1392823778.1392823778.1392823778.1; authorization.sid=s%3ADGDipu7sM5cZPGvKa1zbzZcT.xi39On4EvW3zE05djbfMTKCzW5n67AV0VAO%2B7VE77W4; express.sid=s%3A3A0BhTcMrJyQaNFbDdNPHfBZ.cKE%2FNgTjoKPpdtvPishO7CSc8sZa4fM8j03JrO2PnKQ' },
     time: 'Wed Sep 10 2014 13:41:07 GMT+0100 (BST)',
     address: '127.0.0.1',
     xdomain: false,
     secure: false,
     issued: 1410352867085,
     url: '/socket.io/?EIO=3&transport=polling&t=1410352867073-5',
     query: { EIO: '3', transport: 'polling', t: '1410352867073-5' } },
  _events: 
   { disconnect: [Function],
     'draw:progress': [Function],
     'draw:end': [Function],
     subscribe: [Function],
     'canvas:clear': [Function],
     'item:remove': [Function],
     'item:move:progress': [Function],
     'item:move:end': [Function],
     'image:add': [Function] } }
made room
load from db
room count 1
Initting db
Socket disconnected { nsp: 
   { name: '/',
     server: 
      { nsps: [Object],
        _path: '/socket.io',
        _serveClient: true,
        _adapter: [Function: Adapter],
        _origins: '*:*',
        sockets: [Circular],
        eio: [Object],
        httpServer: [Object],
        engine: [Object] },
     sockets: [ [Object] ],
     connected: { _vyNpfMgr2nbfg7pAAAB: [Object] },
     fns: [],
     ids: 0,
     acks: {},
     adapter: { nsp: [Circular], rooms: [Object], sids: [Object], encoder: {} },
     _maxListeners: 0,
     _events: { connection: [Function] } },
  server: 
   { nsps: { '/': [Object] },
     _path: '/socket.io',
     _serveClient: true,
     _adapter: [Function: Adapter],
     _origins: '*:*',
     sockets: 
      { name: '/',
        server: [Circular],
        sockets: [Object],
        connected: [Object],
        fns: [],
        ids: 0,
        acks: {},
        adapter: [Object],
        _maxListeners: 0,
        _events: [Object] },
     eio: 
      { clients: [Object],
        clientsCount: 1,
        pingTimeout: 60000,
        pingInterval: 25000,
        upgradeTimeout: 10000,
        maxHttpBufferSize: 100000000,
        transports: [Object],
        allowUpgrades: true,
        allowRequest: [Function],
        cookie: 'io',
        ws: [Object],
        _events: [Object] },
     httpServer: 
      { domain: null,
        _events: [Object],
        _maxListeners: 10,
        _connections: 9,
        connections: [Getter/Setter],
        _handle: [Object],
        _usingSlaves: false,
        _slaves: [],
        allowHalfOpen: true,
        httpAllowHalfOpen: false,
        timeout: 120000,
        _connectionKey: '4:0.0.0.0:3000' },
     engine: 
      { clients: [Object],
        clientsCount: 1,
        pingTimeout: 60000,
        pingInterval: 25000,
        upgradeTimeout: 10000,
        maxHttpBufferSize: 100000000,
        transports: [Object],
        allowUpgrades: true,
        allowRequest: [Function],
        cookie: 'io',
        ws: [Object],
        _events: [Object] } },
  adapter: 
   { nsp: 
      { name: '/',
        server: [Object],
        sockets: [Object],
        connected: [Object],
        fns: [],
        ids: 0,
        acks: {},
        adapter: [Circular],
        _maxListeners: 0,
        _events: [Object] },
     rooms: 
      { 'Nulk60mpG-aUP5uOAAAA': [],
        _vyNpfMgr2nbfg7pAAAB: [Object],
        '07kQ5NE81fZVP5NBAAAC': [],
        k1CGfCHAxNa: [] },
     sids: { _vyNpfMgr2nbfg7pAAAB: [Object] },
     encoder: {} },
  id: '07kQ5NE81fZVP5NBAAAC',
  client: 
   { server: 
      { nsps: [Object],
        _path: '/socket.io',
        _serveClient: true,
        _adapter: [Function: Adapter],
        _origins: '*:*',
        sockets: [Object],
        eio: [Object],
        httpServer: [Object],
        engine: [Object] },
     conn: 
      { id: '07kQ5NE81fZVP5NBAAAC',
        server: [Object],
        upgraded: true,
        readyState: 'closed',
        writeBuffer: [],
        packetsFn: [],
        sentCallbackFn: [],
        request: [Object],
        remoteAddress: '127.0.0.1',
        checkIntervalTimer: null,
        upgradeTimeoutTimer: [Object],
        pingTimeoutTimer: [Object],
        transport: [Object],
        _events: [Object] },
     encoder: {},
     decoder: { reconstructor: null, _callbacks: [Object] },
     id: '07kQ5NE81fZVP5NBAAAC',
     request: 
      { _readableState: [Object],
        readable: false,
        domain: null,
        _events: [Object],
        _maxListeners: 10,
        socket: [Object],
        connection: [Object],
        httpVersion: '1.1',
        complete: false,
        headers: [Object],
        trailers: {},
        _pendings: [],
        _pendingIndex: 0,
        url: '/socket.io/?EIO=3&transport=polling&t=1410352868210-0',
        method: 'GET',
        statusCode: null,
        client: [Object],
        _consuming: true,
        _dumped: true,
        httpVersionMajor: 1,
        httpVersionMinor: 1,
        upgrade: false,
        _query: [Object],
        res: [Object],
        cleanup: [Function: cleanup],
        read: [Function] },
     onclose: [Function],
     ondata: [Function],
     ondecoded: [Function],
     sockets: [],
     nsps: { '/': [Circular] },
     connectBuffer: [] },
  conn: 
   { id: '07kQ5NE81fZVP5NBAAAC',
     server: 
      { clients: [Object],
        clientsCount: 1,
        pingTimeout: 60000,
        pingInterval: 25000,
        upgradeTimeout: 10000,
        maxHttpBufferSize: 100000000,
        transports: [Object],
        allowUpgrades: true,
        allowRequest: [Function],
        cookie: 'io',
        ws: [Object],
        _events: [Object] },
     upgraded: true,
     readyState: 'closed',
     writeBuffer: [],
     packetsFn: [],
     sentCallbackFn: [],
     request: 
      { _readableState: [Object],
        readable: false,
        domain: null,
        _events: [Object],
        _maxListeners: 10,
        socket: [Object],
        connection: [Object],
        httpVersion: '1.1',
        complete: false,
        headers: [Object],
        trailers: {},
        _pendings: [],
        _pendingIndex: 0,
        url: '/socket.io/?EIO=3&transport=polling&t=1410352868210-0',
        method: 'GET',
        statusCode: null,
        client: [Object],
        _consuming: true,
        _dumped: true,
        httpVersionMajor: 1,
        httpVersionMinor: 1,
        upgrade: false,
        _query: [Object],
        res: [Object],
        cleanup: [Function: cleanup],
        read: [Function] },
     remoteAddress: '127.0.0.1',
     checkIntervalTimer: null,
     upgradeTimeoutTimer: 
      { _idleTimeout: -1,
        _idlePrev: null,
        _idleNext: null,
        _idleStart: 1410352868224,
        _onTimeout: null,
        ontimeout: null },
     pingTimeoutTimer: 
      { _idleTimeout: -1,
        _idlePrev: null,
        _idleNext: null,
        _idleStart: 1410352868251,
        _onTimeout: null,
        ontimeout: null },
     transport: 
      { readyState: 'closed',
        socket: [Object],
        writable: true,
        supportsBinary: true,
        _events: [Object] },
     _events: { close: undefined, data: undefined } },
  rooms: [],
  acks: {},
  connected: false,
  disconnected: true,
  handshake: 
   { headers: 
      { host: '127.0.0.1:3000',
        connection: 'keep-alive',
        'user-agent': 'Mozilla/5.0 (X11; Linux x86_64) AppleWebKit/537.36 (KHTML, like Gecko) Ubuntu Chromium/37.0.2062.94 Chrome/37.0.2062.94 Safari/537.36',
        accept: '*/*',
        referer: 'http://127.0.0.1:3000/d/k1CGfCHAxNa',
        'accept-encoding': 'gzip,deflate,sdch',
        'accept-language': 'en-GB,en;q=0.8,es;q=0.6,en-US;q=0.4',
        cookie: 'io=Nulk60mpG-aUP5uOAAAA; __utma=96992031.642507245.1392823778.1392823778.1392823778.1; authorization.sid=s%3ADGDipu7sM5cZPGvKa1zbzZcT.xi39On4EvW3zE05djbfMTKCzW5n67AV0VAO%2B7VE77W4; express.sid=s%3AXHR76aHN5kVGo6YoAtY2C9Hk.KAroYJlPhdU3pjm96ui2EnsVz6B1Uuaqnwp0eKKV95I' },
     time: 'Wed Sep 10 2014 13:41:08 GMT+0100 (BST)',
     address: '127.0.0.1',
     xdomain: false,
     secure: false,
     issued: 1410352868212,
     url: '/socket.io/?EIO=3&transport=polling&t=1410352868210-0',
     query: { EIO: '3', transport: 'polling', t: '1410352868210-0' } },
  _events: 
   { disconnect: [Function],
     'draw:progress': [Function],
     'draw:end': [Function],
     subscribe: [Function],
     'canvas:clear': [Function],
     'item:remove': [Function],
     'item:move:progress': [Function],
     'item:move:end': [Function],
     'image:add': [Function] } }
